{
  "": "blank",
  "1234": "value",
  "127.0.0.1": "value",
  "a": {
    "b": {
      "c": {}
    }
  },
  "animal": {},
  "animal2": {
    "breed": "pug",
    "name": "Fido"
  },
  "animal3": {
    "type": {
      "color": "orange",
      "name": "pug"
    }
  },
  "another": "# This is not a comment",
  "apos15": "Here are fifteen apostrophes: '''''''''''''''",
  "apple": {
    "color": "red",
    "skin": "thin",
    "type": "fruit"
  },
  "apple2": {
    "color": "red",
    "skin": "thin",
    "type": "fruit"
  },
  "bare-key": "value",
  "bare_key": "value",
  "bin1": 214,
  "bool1": true,
  "bool2": false,
  "character encoding": "value",
  "colors": [
    "red",
    "yellow",
    "green"
  ],
  "contributors": [
    "Foo Bar <foo@example.com>",
    {
      "email": "bazqux@example.com",
      "name": "Baz Qux",
      "url": "https://example.com/bazqux"
    }
  ],
  "d": {
    "e": {
      "f": {}
    }
  },
  "dog": {
    "tater.man": {
      "type": {
        "name": "pug"
      }
    }
  },
  "flt1": 1,
  "flt10": 0,
  "flt2": 3.1415,
  "flt3": -0.01,
  "flt4": 5e+22,
  "flt5": 1000000,
  "flt6": -0.02,
  "flt7": 6.626e-34,
  "flt8": 224617.445991228,
  "flt9": -0,
  "fruit": {
    "apple": {
      "smooth": true,
      "texture": {
        "animal": {
          "type": {
            "name": "pug"
          }
        },
        "name": {
          "first": "Tom",
          "last": "Preston-Werner"
        },
        "point": {
          "x": 1,
          "y": 2
        },
        "smooth": true
      }
    },
    "color": "yellow",
    "flavor": "banana",
    "name": "banana",
    "orange": 2,
    "pomme": 1
  },
  "fruit2": {
    "apple": "red",
    "orange": "orange"
  },
  "fruit3": {
    "apple": {
      "color": "red"
    },
    "texture": "smooth"
  },
  "fruit4": {
    "apple": {},
    "orange": {}
  },
  "fruit5": {
    "apple": {},
    "orange": {}
  },
  "fruit6": {
    "apple": {
      "color": "red",
      "taste": {
        "sweet": true
      }
    }
  },
  "fruits": [
    {
      "name": "apple",
      "physical": {
        "color": "red",
        "shape": "round"
      },
      "varieties": [
        {
          "name": "red delicious"
        },
        {
          "name": "granny smith"
        }
      ]
    },
    {
      "name": "banana",
      "varieties": [
        {
          "name": "plantain"
        }
      ]
    },
    {
      "name": "apple",
      "physical": {
        "color": "red",
        "points": [
          {
            "x": 1,
            "y": 2,
            "z": 3
          },
          {
            "x": 7,
            "y": 8,
            "z": 9
          },
          {
            "x": 2,
            "y": 4,
            "z": 8
          }
        ],
        "shape": "round"
      },
      "varieties": [
        {
          "name": "red delicious"
        }
      ]
    }
  ],
  "fruits3": [
    {}
  ],
  "fruitx": {
    "physical": {
      "color": "red",
      "shape": "round"
    }
  },
  "g": {
    "h": {
      "i": {}
    }
  },
  "hex1": 3735928559,
  "hex2": 3735928559,
  "hex3": 3735928559,
  "int1": 99,
  "int2": 42,
  "int3": 0,
  "int4": -17,
  "int5": 1000,
  "int6": 5349221,
  "int7": 5349221,
  "int8": 12345,
  "integers": [
    1,
    2,
    3
  ],
  "integers2": [
    1,
    2,
    3
  ],
  "integers3": [
    1,
    2
  ],
  "j": {
    "ʞ": {
      "l": {}
    }
  },
  "key": "value",
  "key2": "value",
  "ld1": "1979-05-27",
  "ldt1": "1979-05-27T07:32:00",
  "ldt2": "1979-05-27T00:32:00.999999",
  "lines": "The first newline is\ntrimmed in raw strings.\n   All other whitespace\n   is preserved.\n",
  "lt1": "07:32:00",
  "lt2": "00:32:00.999999",
  "name": "Orange",
  "name2": {
    "first": "Tom",
    "last": "Preston-Werner"
  },
  "nested_arrays_of_ints": [
    [
      1,
      2
    ],
    [
      3,
      4,
      5
    ]
  ],
  "nested_mixed_array": [
    [
      1,
      2
    ],
    [
      "a",
      "b",
      "c"
    ]
  ],
  "numbers": [
    0.1,
    0.2,
    0.5,
    1,
    2,
    5
  ],
  "oct1": 342391,
  "oct2": 493,
  "odt1": "1979-05-27T07:32:00Z",
  "odt2": "1979-05-27T00:32:00-07:00",
  "odt3": "1979-05-27T00:32:00.999999-07:00",
  "odt4": "1979-05-27 07:32:00Z",
  "orange": {
    "color": "orange",
    "skin": "thick",
    "type": "fruit"
  },
  "orange2": {
    "color": "orange",
    "skin": "thick",
    "type": "fruit"
  },
  "owner": {
    "fruit": {
      "apple": {
        "color": "red",
        "taste": {
          "sweet": true
        }
      }
    },
    "member_since": "1999-08-04",
    "name": "Regina Dogman"
  },
  "physical": {
    "color": "orange",
    "shape": "round"
  },
  "point": {
    "x": 1,
    "y": 2
  },
  "product": {
    "type": {
      "edible": false,
      "name": "Nail"
    }
  },
  "product2": {
    "type": {
      "name": "Nail"
    }
  },
  "products3": [
    {
      "name": "Hammer",
      "sku": 738594937
    },
    {},
    {
      "color": "gray",
      "name": "Nail",
      "sku": 284758393
    }
  ],
  "quot15": "Here are fifteen quotation marks: \"\"\"\"\"\"\"\"\"\"\"\"\"\"\"",
  "quoted": "Tom \"Dubs\" Preston-Werner",
  "quoted \"value\"": "value",
  "regex": "<\\i\\c*\\s*>",
  "regex2": "I [dw]on't need \\d{2} apples",
  "sf1": inf,
  "sf2": inf,
  "sf3": -inf,
  "sf4": nan,
  "sf5": nan,
  "site": {
    "google.com": true
  },
  "spelling": "favorite",
  "str": "I'm a string. \"You can quote me\". Name\u0009José\nLocation\u0009SF.",
  "str1": "Roses are red\nViolets are blue",
  "str1_": "The quick brown fox jumps over the lazy dog.",
  "str2": "Roses are red\nViolets are blue",
  "str2_": "The quick brown fox jumps over the lazy dog.",
  "str3": "Roses are red\u000D\nViolets are blue",
  "str3_": "The quick brown fox jumps over the lazy dog.",
  "str4": "Here are two quotation marks: \"\". Simple enough.",
  "str5": "Here are three quotation marks: \"\"\".",
  "str6": "Here are fifteen quotation marks: \"\"\"\"\"\"\"\"\"\"\"\"\"\"\".",
  "str7": "\"This,\" she said, \"is just a pointless statement.\"",
  "str7_": "'That,' she said, 'is still pointless.'",
  "string_array": [
    "all",
    "strings",
    "are the same",
    "type"
  ],
  "table": {},
  "table-1": {
    "key1": "some string",
    "key2": 123
  },
  "table-2": {
    "key1": "another string",
    "key2": 456
  },
  "winpath": "C:\\Users\\nodejs\\templates",
  "winpath2": "\\\\ServerX\\admin$\\system32\\",
  "x": {
    "y": {
      "z": {
        "w": {}
      }
    }
  },
  "ʎǝʞ": "value"
}
